// Jest Snapshot v1, https://goo.gl/fbAQLP

exports[`renders TimeInputs 1`] = `
<View
  style={
    [
      {
        "alignItems": "center",
        "flexDirection": "row",
      },
      false,
      {
        "flexDirection": "row",
      },
    ]
  }
>
  <View
    style={
      {
        "flexDirection": "column",
      }
    }
  >
    <View
      style={
        {
          "height": 80,
          "position": "relative",
          "width": 96,
        }
      }
    >
      <TextInput
        blurOnSubmit={false}
        keyboardAppearance="default"
        keyboardType="number-pad"
        maxFontSizeMultiplier={1.2}
        maxLength={2}
        onBlur={[Function]}
        onChangeText={[Function]}
        onFocus={[Function]}
        onSubmitEditing={[Function]}
        placeholder="00"
        returnKeyType="next"
        selectionColor="rgba(103, 80, 164, 1)"
        style={
          [
            {
              "textAlign": "center",
              "textAlignVertical": "center",
              "width": 96,
            },
            {
              "backgroundColor": "rgba(231, 224, 236, 1)",
              "borderColor": undefined,
              "borderRadius": 8,
              "borderWidth": 0,
              "color": "rgba(28, 27, 31, 1)",
              "fontFamily": "System",
              "fontSize": 57,
              "height": 72,
            },
          ]
        }
        value="12"
      />
    </View>
    <Text
      maxFontSizeMultiplier={1.5}
      style={
        [
          {
            "textAlign": "left",
          },
          {
            "color": "rgba(28, 27, 31, 1)",
            "writingDirection": "ltr",
          },
          [
            {
              "fontFamily": "System",
              "fontSize": 12,
              "fontWeight": "400",
              "letterSpacing": 0.4,
              "lineHeight": 16,
            },
            undefined,
          ],
        ]
      }
    >
      Hour
    </Text>
  </View>
  <View
    style={
      [
        {
          "alignItems": "center",
          "fontSize": 65,
          "width": 24,
        },
        {
          "marginBottom": 24,
        },
      ]
    }
  >
    <View
      style={
        {
          "flex": 1,
        }
      }
    />
    <View
      style={
        [
          {
            "borderRadius": 3.5,
            "height": 7,
            "width": 7,
          },
          {
            "backgroundColor": "rgba(28, 27, 31, 1)",
          },
        ]
      }
    />
    <View
      style={
        {
          "height": 12,
        }
      }
    />
    <View
      style={
        [
          {
            "borderRadius": 3.5,
            "height": 7,
            "width": 7,
          },
          {
            "backgroundColor": "rgba(28, 27, 31, 1)",
          },
        ]
      }
    />
    <View
      style={
        {
          "flex": 1,
        }
      }
    />
  </View>
  <View
    style={
      {
        "flexDirection": "column",
      }
    }
  >
    <View
      style={
        {
          "height": 80,
          "position": "relative",
          "width": 96,
        }
      }
    >
      <TextInput
        keyboardAppearance="default"
        keyboardType="number-pad"
        maxFontSizeMultiplier={1.2}
        maxLength={2}
        onBlur={[Function]}
        onChangeText={[Function]}
        onFocus={[Function]}
        onSubmitEditing={[Function]}
        placeholder="00"
        selectionColor="rgba(103, 80, 164, 1)"
        style={
          [
            {
              "textAlign": "center",
              "textAlignVertical": "center",
              "width": 96,
            },
            {
              "backgroundColor": "rgba(231, 224, 236, 1)",
              "borderColor": undefined,
              "borderRadius": 8,
              "borderWidth": 0,
              "color": "rgba(28, 27, 31, 1)",
              "fontFamily": "System",
              "fontSize": 57,
              "height": 72,
            },
          ]
        }
        value="45"
      />
    </View>
    <Text
      maxFontSizeMultiplier={1.5}
      style={
        [
          {
            "textAlign": "left",
          },
          {
            "color": "rgba(28, 27, 31, 1)",
            "writingDirection": "ltr",
          },
          [
            {
              "fontFamily": "System",
              "fontSize": 12,
              "fontWeight": "400",
              "letterSpacing": 0.4,
              "lineHeight": 16,
            },
            undefined,
          ],
        ]
      }
    >
      Minute
    </Text>
  </View>
</View>
`;
